// Jest Snapshot v1, https://goo.gl/fbAQLP

exports[`TileEditor tests default renderer 1`] = `null`;

exports[`TileEditor tests mount renderer 1`] = `ShallowWrapper {}`;
