// Jest Snapshot v1, https://goo.gl/fbAQLP

exports[`Login tests default renderer 1`] = `ShallowWrapper {}`;
