// Jest Snapshot v1, https://goo.gl/fbAQLP

exports[`NavBar tests renders without crashing 1`] = `ShallowWrapper {}`;

exports[`NavBar tests renders without crashing locked 1`] = `ShallowWrapper {}`;
