// Jest Snapshot v1, https://goo.gl/fbAQLP

exports[`FullScreenDialog tests default renderer 1`] = `
<FullScreenDialog
  classes={
    Object {
      "appBar": "FullScreenDialog-appBar-1",
      "container": "FullScreenDialog-container-3",
      "containerDark": "FullScreenDialog-containerDark-4",
      "content": "FullScreenDialog-content-5",
      "contentFullWidth": "FullScreenDialog-contentFullWidth-6",
      "title": "FullScreenDialog-title-2",
    }
  }
  disableSubmit={false}
  onClose={[MockFunction]}
  onSubmit={[MockFunction]}
  open={true}
  title="test"
  transition="up"
/>
`;
