// Jest Snapshot v1, https://goo.gl/fbAQLP

exports[`AnalyticsButton tests default renderer 1`] = `null`;
